Unhandled exception. System.AggregateException: An error occurred while writing to logger(s). (Cannot open log for source '.NET Runtime'. You may not have write access.)
 ---> System.InvalidOperationException: Cannot open log for source '.NET Runtime'. You may not have write access.
 ---> System.ComponentModel.Win32Exception (5): Отказано в доступе.
   --- End of inner exception stack trace ---
   at System.Diagnostics.EventLogInternal.OpenForWrite(String currentMachineName)
   at System.Diagnostics.EventLogInternal.InternalWriteEvent(UInt32 eventID, UInt16 category, EventLogEntryType type, String[] strings, Byte[] rawData, String currentMachineName)
   at System.Diagnostics.EventLogInternal.WriteEvent(EventInstance instance, Byte[] data, Object[] values)
   at Microsoft.Extensions.Logging.EventLog.WindowsEventLog.WriteEntry(String message, EventLogEntryType type, Int32 eventID, Int16 category)
   at Microsoft.Extensions.Logging.EventLog.EventLogLogger.WriteMessage(String message, EventLogEntryType eventLogEntryType, Int32 eventId)
   at Microsoft.Extensions.Logging.EventLog.EventLogLogger.Log[TState](LogLevel logLevel, EventId eventId, TState state, Exception exception, Func`3 formatter)
   at Microsoft.Extensions.Logging.Logger.<Log>g__LoggerLog|14_0[TState](LogLevel logLevel, EventId eventId, ILogger logger, Exception exception, Func`3 formatter, List`1& exceptions, TState& state)
   --- End of inner exception stack trace ---
   at Microsoft.Extensions.Logging.Logger.ThrowLoggingError(List`1 exceptions)
   at Microsoft.Extensions.Logging.Logger.Log[TState](LogLevel logLevel, EventId eventId, TState state, Exception exception, Func`3 formatter)
   at Microsoft.Extensions.Logging.LoggerMessage.<>c__DisplayClass20_0`6.<Define>g__Log|0(ILogger logger, T1 arg1, T2 arg2, T3 arg3, T4 arg4, T5 arg5, T6 arg6, Exception exception)
   at Microsoft.Extensions.Logging.LoggerMessage.<>c__DisplayClass20_0`6.<Define>b__1(ILogger logger, T1 arg1, T2 arg2, T3 arg3, T4 arg4, T5 arg5, T6 arg6, Exception exception)
   at Microsoft.EntityFrameworkCore.Diagnostics.EventDefinition`6.Log[TLoggerCategory](IDiagnosticsLogger`1 logger, TParam1 arg1, TParam2 arg2, TParam3 arg3, TParam4 arg4, TParam5 arg5, TParam6 arg6)
   at Microsoft.EntityFrameworkCore.Diagnostics.Internal.RelationalCommandDiagnosticsLogger.LogCommandError(DbCommand command, String logCommandText, TimeSpan duration, EventDefinition`6 definition)
   at Microsoft.EntityFrameworkCore.Diagnostics.Internal.RelationalCommandDiagnosticsLogger.CommandError(IRelationalConnection connection, DbCommand command, String logCommandText, DbContext context, DbCommandMethod executeMethod, Guid commandId, Guid connectionId, Exception exception, DateTimeOffset startTime, TimeSpan duration, CommandSource commandSource)
   at Microsoft.EntityFrameworkCore.Storage.RelationalCommand.ExecuteScalar(RelationalCommandParameterObject parameterObject)
   at Microsoft.EntityFrameworkCore.Sqlite.Storage.Internal.SqliteDatabaseCreator.HasTables()
   at Microsoft.EntityFrameworkCore.Storage.RelationalDatabaseCreator.EnsureCreated()
   at Microsoft.EntityFrameworkCore.Infrastructure.DatabaseFacade.EnsureCreated()
   at Program.<Main>$(String[] args) in C:\Users\conan\Downloads\project-3d\KoruzApi\Program.cs:line 40
